GAMS 29.1.0  rbb4180b Released Nov 15, 2019 WEX-WEI x86 64bit/MS Windows                                                                                                                                                               07/23/20 15:39:29 Page 1
G e n e r a l   A l g e b r a i c   M o d e l i n g   S y s t e m
C o m p i l a t i o n


   3   
   4   
   5  # Root File for model
   6  OPTION SYSOUT=OFF, SOLPRINT=OFF, LIMROW=0, LIMCOL=0, DECIMALS=6;
   7  ;
   8   
   9  # ----------------------------------------------------------------------------------------------------
  10  #  Import file: C:\Users\sxj477\Documents\GitHub\Abatement_project\InputDisplacingAbatement\workfolder\FG_CollectFile.gms
  11  # ----------------------------------------------------------------------------------------------------
  12   
  13   
  14  # ----------------------------------------------------------------------------------------------------
  15  #  Import file: C:\Users\sxj477\Documents\GitHub\Abatement_project\InputDisplacingAbatement\workfolder\FG_functions.gms
  16  # ----------------------------------------------------------------------------------------------------
  17   
  18   
  19  # ----------------------------------------------------------------------------------------------------
  20  #  Define function: load_level
  21  # ----------------------------------------------------------------------------------------------------
  22   
  23   
  24   
  25  # ----------------------------------------------------------------------------------------------------
  26  #  Define function: load_fixed
  27  # ----------------------------------------------------------------------------------------------------
  28   
  29   
  30  ;
  31   
  32  # ----------------------------------------------------------------------------------------------------
  33  #  Import file: C:\Users\sxj477\Documents\GitHub\Abatement_project\InputDisplacingAbatement\workfolder\FG_sets.gms
  34  # ----------------------------------------------------------------------------------------------------
  35   
  36  sets
  37          alias_set
  38          alias_map2
  39          n
  40  ;
  41   
  42  alias(n,nn,nnn);
  43   
  44  sets
  45          input_FG[n]
  46          a_FG[n]
  47          alias_[alias_set,alias_map2]
  48          map_FG[n,nn]
  49          sector_FG[n]
  50          output_FG[n]
  51  ;
GDXIN   C:\Users\sxj477\Documents\GitHub\Abatement_project\InputDisplacingAbatement\workfolder\_gams_py_gdb2.gdx
--- LOAD  alias_set = 1:alias_set
--- LOAD  alias_map2 = 2:alias_map2
--- LOAD  n = 3:n
GAMS 29.1.0  rbb4180b Released Nov 15, 2019 WEX-WEI x86 64bit/MS Windows                                                                                                                                                               07/23/20 15:39:29 Page 2
G e n e r a l   A l g e b r a i c   M o d e l i n g   S y s t e m
C o m p i l a t i o n


--- LOAD  sector_FG = 11:sector_FG
--- LOAD  output_FG = 10:output_FG
--- LOAD  input_FG = 9:input_FG
--- LOAD  a_FG = 8:a_FG
--- LOAD  alias_ = 6:alias_
--- LOAD  map_FG = 7:map_FG
  65  ;
  66   
  67  # ----------------------------------------------------------------------------------------------------
  68  #  Import file: C:\Users\sxj477\Documents\GitHub\Abatement_project\InputDisplacingAbatement\workfolder\FG_parameters.gms
  69  # ----------------------------------------------------------------------------------------------------
  70   
  71  ;
  72   
  73  # ----------------------------------------------------------------------------------------------------
  74  #  Import file: C:\Users\sxj477\Documents\GitHub\Abatement_project\InputDisplacingAbatement\workfolder\FG_groups.gms
  75  # ----------------------------------------------------------------------------------------------------
  76   
  77   
  78  # -----------------------------------------------FG_tech----------------------------------------------
  79  #  Initialize FG_tech group
  80  # ----------------------------------------------------------------------------------------------------
  87   
  88   
  89  # -----------------------------------------------FG_exo-----------------------------------------------
  90  #  Initialize FG_exo group
  91  # ----------------------------------------------------------------------------------------------------
  98   
  99   
 100  # -----------------------------------------------FG_endo----------------------------------------------
 101  #  Initialize FG_endo group
 102  # ----------------------------------------------------------------------------------------------------
 112   
 113  # ----------------------------------------------------------------------------------------------------
 114  #  Loop over __load_group
 115  # ----------------------------------------------------------------------------------------------------
 116   
 117      parameter load_p[n] "";
 118      load_p[n]$(((a_FG[n]))) = 0;
 119   
 120      parameter load_q[n] "";
 121      load_q[n]$(((sector_FG[n] and not output_FG[n]))) = 0;
 122   
 123    execute_load "_gams_py_gdb2"
 124  # ----------------------------------------------------------------------------------------------------
 125  #  Loop over __load_group
 126  # ----------------------------------------------------------------------------------------------------
 127   load_p=p.l  load_q=q.l ;
 128   
 129  # ----------------------------------------------------------------------------------------------------
 130  #  Loop over __load_group
 131  # ----------------------------------------------------------------------------------------------------
 132   
GAMS 29.1.0  rbb4180b Released Nov 15, 2019 WEX-WEI x86 64bit/MS Windows                                                                                                                                                               07/23/20 15:39:29 Page 3
G e n e r a l   A l g e b r a i c   M o d e l i n g   S y s t e m
C o m p i l a t i o n


 133      p.l[n]$(((a_FG[n]))) = load_p[n];
 134   
 135      q.l[n]$(((sector_FG[n] and not output_FG[n]))) = load_q[n];
 137  ;
 145   
 146  # ----------------------------------------------------------------------------------------------------
 147  #  Loop over __load_group
 148  # ----------------------------------------------------------------------------------------------------
 149   
 150      parameter load_sigma[n] "";
 151      load_sigma[n]$(((a_FG[n]))) = 0;
 152   
 153      parameter load_mu[n,nn] "";
 154      load_mu[n,nn]$(((map_FG[n,nn]))) = 0;
 155   
 156    execute_load "_gams_py_gdb2"
 157  # ----------------------------------------------------------------------------------------------------
 158  #  Loop over __load_group
 159  # ----------------------------------------------------------------------------------------------------
 160   load_sigma=sigma.l  load_mu=mu.l ;
 161   
 162  # ----------------------------------------------------------------------------------------------------
 163  #  Loop over __load_group
 164  # ----------------------------------------------------------------------------------------------------
 165   
 166      sigma.fx[n]$(((a_FG[n]))) = load_sigma[n];
 167   
 168      mu.fx[n,nn]$(((map_FG[n,nn]))) = load_mu[n,nn];
 170  ;
 178   
 179  # ----------------------------------------------------------------------------------------------------
 180  #  Loop over __load_group
 181  # ----------------------------------------------------------------------------------------------------
 182   
 183      parameter load_p[n] "";
 184      load_p[n]$(((input_FG[n]))) = 0;
 185   
 186      parameter load_q[n] "";
 187      load_q[n]$(((output_FG[n]))) = 0;
 188   
 189    execute_load "_gams_py_gdb2"
 190  # ----------------------------------------------------------------------------------------------------
 191  #  Loop over __load_group
 192  # ----------------------------------------------------------------------------------------------------
 193   load_p=p.l  load_q=q.l ;
 194   
 195  # ----------------------------------------------------------------------------------------------------
 196  #  Loop over __load_group
 197  # ----------------------------------------------------------------------------------------------------
 198   
 199      p.fx[n]$(((input_FG[n]))) = load_p[n];
 200   
 201      q.fx[n]$(((output_FG[n]))) = load_q[n];
GAMS 29.1.0  rbb4180b Released Nov 15, 2019 WEX-WEI x86 64bit/MS Windows                                                                                                                                                               07/23/20 15:39:29 Page 4
G e n e r a l   A l g e b r a i c   M o d e l i n g   S y s t e m
C o m p i l a t i o n


 203  ;
 204  ;
 205   
 206  # ----------------------------------------------------------------------------------------------------
 207  #  Import file: C:\Users\sxj477\Documents\GitHub\Abatement_project\InputDisplacingAbatement\workfolder\FG_blocks.gms
 208  # ----------------------------------------------------------------------------------------------------
 209   
 210   
 211   
 212  # ------------------------------------------------M_FG------------------------------------------------
 213  #  Initialize M_FG equation block
 214  # ----------------------------------------------------------------------------------------------------
 215  EQUATION E_FG_q[n];
 216  E_FG_q[n]$((sector_fg[n] and not output_fg[n]))..       q[n]  =E=  sum(nn$(map_FG[n,nn]), mu[n,nn]*(p[n]/p[nn])**(-sigma[nn])*q[nn]);
 217  EQUATION E_FG_p[n];
 218  E_FG_p[n]$((a_fg[n]))..         p[n]  =E=  sum(nn$(map_FG[nn,n]), mu[nn,n] * p[nn]**(1-sigma[n]))**(1/(1-sigma[n]));
 219   
 220  # ----------------------------------------------------------------------------------------------------
 221  #  Define M_FG model
 222  # ----------------------------------------------------------------------------------------------------
 223  Model M_FG /
 224  E_FG_q, E_FG_p
 225  /;
 226   
 227   
 228  ;
 229  ;
 230   
 231  # ----------------------------------------------------------------------------------------------------
 232  #  Import file: C:\Users\sxj477\Documents\GitHub\Abatement_project\InputDisplacingAbatement\workfolder\RunFile.gms
 233  # ----------------------------------------------------------------------------------------------------
 234   
 235   
 236  # ----------------------------------------------------------------------------------------------------$FIX FG_tech, FG_exo;
 237  # ----------------------------------------------------------------------------------------------------
 244   
 245   
 246  # ----------------------------------------------------------------------------------------------------$UNFIX FG_endo;
 247  # ----------------------------------------------------------------------------------------------------
 254   
 255   
 256  # ----------------------------------------------------------------------------------------------------
 257  #  Define FG model
 258  # ----------------------------------------------------------------------------------------------------
 259  Model FG /
 260  E_FG_q, E_FG_p
 261  /;
 262   
 263   
 264  solve FG using CNS;
 265  ;
GAMS 29.1.0  rbb4180b Released Nov 15, 2019 WEX-WEI x86 64bit/MS Windows                                                                                                                                                               07/23/20 15:39:29 Page 5
G e n e r a l   A l g e b r a i c   M o d e l i n g   S y s t e m
Include File Summary


   SEQ   GLOBAL TYPE      PARENT   LOCAL  FILENAME

     1        1 INPUT          0       0  C:\Users\sxj477\Documents\GitHub\Abatement_project\InputDisplacingAbatement\workfolder\CollectAndRun.gmy
     2       52 GDXIN          1      52  C:\Users\sxj477\Documents\GitHub\Abatement_project\InputDisplacingAbatement\workfolder\_gams_py_gdb2.gdx


COMPILATION TIME     =        0.000 SECONDS      3 MB  29.1.0 rbb4180b WEX-WEI
GAMS 29.1.0  rbb4180b Released Nov 15, 2019 WEX-WEI x86 64bit/MS Windows                                                                                                                                                               07/23/20 15:39:29 Page 6
G e n e r a l   A l g e b r a i c   M o d e l i n g   S y s t e m
Model Statistics    SOLVE FG Using CNS From line 264


MODEL STATISTICS

BLOCKS OF EQUATIONS           2     SINGLE EQUATIONS            6
BLOCKS OF VARIABLES           4     SINGLE VARIABLES           16
NON ZERO ELEMENTS            36     NON LINEAR N-Z             30
DERIVATIVE POOL              20     CONSTANT POOL              16
CODE LENGTH                  79
SINGLE =E|X= EQUS             6     SINGLE UNFIXED VARS         6


GENERATION TIME      =        0.016 SECONDS      4 MB  29.1.0 rbb4180b WEX-WEI


EXECUTION TIME       =        0.016 SECONDS      4 MB  29.1.0 rbb4180b WEX-WEI
GAMS 29.1.0  rbb4180b Released Nov 15, 2019 WEX-WEI x86 64bit/MS Windows                                                                                                                                                               07/23/20 15:39:29 Page 7
G e n e r a l   A l g e b r a i c   M o d e l i n g   S y s t e m
Solution Report     SOLVE FG Using CNS From line 264


               S O L V E      S U M M A R Y

     MODEL   FG                  
     TYPE    CNS                 
     SOLVER  CONOPT4             FROM LINE  264

**** SOLVER STATUS     1 Normal Completion         
**** MODEL STATUS      15 Solved Unique            

 RESOURCE USAGE, LIMIT          0.015      1000.000
 ITERATION COUNT, LIMIT         0    2000000000
 EVALUATION ERRORS              0             0

CONOPT 4         29.1.0 rbb4180b Released Nov 15, 2019 WEI x86 64bit/MS Window
 
 
    C O N O P T   version 4.15
    Copyright (C) ARKI Consulting and Development A/S
                  Bagsvaerdvej 246 A
                  DK-2880 Bagsvaerd, Denmark
    Licensed to:  GAMS/CONOPT OEM License
 
 
    The user model has 6 constraints and 16 variables
    with 36 Jacobian elements, 30 of which are nonlinear.
 
    The pre-triangular part of the model has 6 constraints and 16 variables.
 
 ** Feasible solution to a square system.
 
 
 CONOPT time Total                            0.001 seconds
   of which: Function evaluations             0.001 =100.0%
             1st Derivative evaluations       0.000 =  0.0%
 


**** REPORT SUMMARY :        0 INFEASIBLE
                             0  DEPENDENT
                             0     ERRORS


EXECUTION TIME       =        0.000 SECONDS      2 MB  29.1.0 rbb4180b WEX-WEI


USER: Medium MUD - 10 User License                   G200108/0001CA-WIN
      DREAM, Danish Rational Economic Agents Model                DC620


**** FILE SUMMARY

Input      C:\Users\sxj477\Documents\GitHub\Abatement_project\InputDisplacingAbatement\workfolder\CollectAndRun.gmy
Output     C:\Users\sxj477\Documents\GitHub\Abatement_project\InputDisplacingAbatement\workfolder\_gams_py_gjo1.lst
GAMS 29.1.0  rbb4180b Released Nov 15, 2019 WEX-WEI x86 64bit/MS Windows                                                                                                                                                               07/23/20 15:39:29 Page 8
G e n e r a l   A l g e b r a i c   M o d e l i n g   S y s t e m
Solution Report     SOLVE FG Using CNS From line 264


Save       C:\Users\sxj477\Documents\GitHub\Abatement_project\InputDisplacingAbatement\workfolder\_gams_py_gcp0.g0?

**** WARNING - COMPILER OPTIONS ARE NON DEFAULT     EOLCOM # 
